============================================================
??MOSFET RL 蝛拇?皜祈岫 (ON/OFF)
============================================================

? 皜祈岫閮?:
   1. MOSFET OFF (Vgs=0V) - ???餅? ??0
   2. MOSFET ON (Vgs=5V) - ???餅? > 0


============================================================
?妒 皜祈岫: MOSFET OFF (Vgs=0V)
============================================================
? ?餉楝: VDD ??RD ??MOSFET(D-S) ??L ??RS ??GND
   VDD=12V, Vgs=0V, R=10峏, L=100繕H

?? ?? DC 撌乩?暺???..
?? ???折頝荔??芸??岫皞郊??..
?? 皞郊?莎??曉 2 ?蝮格??
?妙 雿輻 numeric 瘙圾??瘙圾 8x8 蝺抒頂蝯?..
?? 雿輻 numeric.js 瘙圾蝔?蝺抒頂蝯?..
??numeric.js 瘙圾??
  [DC Iter 0] residual=0.00e+0 (tol=1.00e-4), delta=0.00e+0 (tol=1.00e-3), converged=true
?妙 雿輻 numeric 瘙圾??瘙圾 8x8 蝺抒頂蝯?..
?? 雿輻 numeric.js 瘙圾蝔?蝺抒頂蝯?..
??numeric.js 瘙圾??
  [DC Iter 0] residual=3.00e+0 (tol=1.00e-4), delta=4.24e+0 (tol=1.00e-3), converged=false
?妙 雿輻 numeric 瘙圾??瘙圾 8x8 蝺抒頂蝯?..
?? 雿輻 numeric.js 瘙圾蝔?蝺抒頂蝯?..
??numeric.js 瘙圾??
  [DC Iter 1] residual=7.35e-12 (tol=1.00e-4), delta=1.62e-11 (tol=1.00e-3), converged=true
?妙 雿輻 numeric 瘙圾??瘙圾 8x8 蝺抒頂蝯?..
?? 雿輻 numeric.js 瘙圾蝔?蝺抒頂蝯?..
??numeric.js 瘙圾??
  [DC Iter 0] residual=3.00e+0 (tol=1.00e-4), delta=4.24e+0 (tol=1.00e-3), converged=false
?妙 雿輻 numeric 瘙圾??瘙圾 8x8 蝺抒頂蝯?..
?? 雿輻 numeric.js 瘙圾蝔?蝺抒頂蝯?..
??numeric.js 瘙圾??
  [DC Iter 1] residual=7.35e-12 (tol=1.00e-4), delta=1.62e-11 (tol=1.00e-3), converged=true
?妙 雿輻 numeric 瘙圾??瘙圾 8x8 蝺抒頂蝯?..
?? 雿輻 numeric.js 瘙圾蝔?蝺抒頂蝯?..
??numeric.js 瘙圾??
  [DC Iter 0] residual=3.00e+0 (tol=1.00e-4), delta=4.24e+0 (tol=1.00e-3), converged=false
?妙 雿輻 numeric 瘙圾??瘙圾 8x8 蝺抒頂蝯?..
?? 雿輻 numeric.js 瘙圾蝔?蝺抒頂蝯?..
??numeric.js 瘙圾??
  [DC Iter 1] residual=7.35e-12 (tol=1.00e-4), delta=1.62e-11 (tol=1.00e-3), converged=true
?妙 雿輻 numeric 瘙圾??瘙圾 8x8 蝺抒頂蝯?..
?? 雿輻 numeric.js 瘙圾蝔?蝺抒頂蝯?..
??numeric.js 瘙圾??
  [DC Iter 0] residual=3.00e+0 (tol=1.00e-4), delta=4.24e+0 (tol=1.00e-3), converged=false
?妙 雿輻 numeric 瘙圾??瘙圾 8x8 蝺抒頂蝯?..
?? 雿輻 numeric.js 瘙圾蝔?蝺抒頂蝯?..
??numeric.js 瘙圾??
  [DC Iter 1] residual=7.35e-12 (tol=1.00e-4), delta=1.62e-11 (tol=1.00e-3), converged=true
   >>> PHYSICAL_CHECK: solution_size=9, nodes=6
   >>> PHYSICAL_CHECK: voltage_sources_found=1
   >>> PHYSICAL_CHECK: zero_count=4/6, max_V=12.000000V
   >>> PHYSICAL_CHECK_RESULT: PASS (non_zero=2, max_V=12.000V)
?? Generalized-帢 integrator restarted with consistent DC operating point.
?妙 ?瑁? Newton 甇交?閫?..
?? 雿輻?寥脩?蝔????閫?...
?妙 雿輻 numeric 瘙圾??瘙圾 9x9 蝺抒頂蝯?..
?? 雿輻 numeric.js 瘙圾蝔?蝺抒頂蝯?..
??numeric.js 瘙圾??
??Newton甇交?閫????(瘙圾?? numeric)
?妙 ?瑁? Newton 甇交?閫?..
?? 雿輻?寥脩?蝔????閫?...
?妙 雿輻 numeric 瘙圾??瘙圾 9x9 蝺抒頂蝯?..
?? 雿輻 numeric.js 瘙圾蝔?蝺抒頂蝯?..
??numeric.js 瘙圾??
??Newton甇交?閫????(瘙圾?? numeric)
?妙 ?瑁? Newton 甇交?閫?..
?? 雿輻?寥脩?蝔????閫?...
?妙 雿輻 numeric 瘙圾??瘙圾 9x9 蝺抒頂蝯?..
?? 雿輻 numeric.js 瘙圾蝔?蝺抒頂蝯?..
??numeric.js 瘙圾??
??Newton甇交?閫????(瘙圾?? numeric)
?妙 ?瑁? Newton 甇交?閫?..
?? 雿輻?寥脩?蝔????閫?...
?妙 雿輻 numeric 瘙圾??瘙圾 9x9 蝺抒頂蝯?..
?? 雿輻 numeric.js 瘙圾蝔?蝺抒頂蝯?..
??numeric.js 瘙圾??
??Newton甇交?閫????(瘙圾?? numeric)
?妙 ?瑁? Newton 甇交?閫?..
?? 雿輻?寥脩?蝔????閫?...
?妙 雿輻 numeric 瘙圾??瘙圾 9x9 蝺抒頂蝯?..
?? 雿輻 numeric.js 瘙圾蝔?蝺抒頂蝯?..
??numeric.js 瘙圾??
??Newton甇交?閫????(瘙圾?? numeric)
?妙 ?瑁? Newton 甇交?閫?..
?? 雿輻?寥脩?蝔????閫?...
?妙 雿輻 numeric 瘙圾??瘙圾 9x9 蝺抒頂蝯?..
?? 雿輻 numeric.js 瘙圾蝔?蝺抒頂蝯?..
??numeric.js 瘙圾??
??Newton甇交?閫????(瘙圾?? numeric)
?妙 ?瑁? Newton 甇交?閫?..
?? 雿輻?寥脩?蝔????閫?...
?妙 雿輻 numeric 瘙圾??瘙圾 9x9 蝺抒頂蝯?..
?? 雿輻 numeric.js 瘙圾蝔?蝺抒頂蝯?..
??numeric.js 瘙圾??
??Newton甇交?閫????(瘙圾?? numeric)
?妙 ?瑁? Newton 甇交?閫?..
?? 雿輻?寥脩?蝔????閫?...
?妙 雿輻 numeric 瘙圾??瘙圾 9x9 蝺抒頂蝯?..
?? 雿輻 numeric.js 瘙圾蝔?蝺抒頂蝯?..
??numeric.js 瘙圾??
??Newton甇交?閫????(瘙圾?? numeric)
?妙 ?瑁? Newton 甇交?閫?..
?? 雿輻?寥脩?蝔????閫?...
?妙 雿輻 numeric 瘙圾??瘙圾 9x9 蝺抒頂蝯?..
?? 雿輻 numeric.js 瘙圾蝔?蝺抒頂蝯?..
??numeric.js 瘙圾??
??Newton甇交?閫????(瘙圾?? numeric)
?妙 ?瑁? Newton 甇交?閫?..
?? 雿輻?寥脩?蝔????閫?...
?妙 雿輻 numeric 瘙圾??瘙圾 9x9 蝺抒頂蝯?..
?? 雿輻 numeric.js 瘙圾蝔?蝺抒頂蝯?..
??numeric.js 瘙圾??
??Newton甇交?閫????(瘙圾?? numeric)
?妙 ?瑁? Newton 甇交?閫?..
?? 雿輻?寥脩?蝔????閫?...
?妙 雿輻 numeric 瘙圾??瘙圾 9x9 蝺抒頂蝯?..
?? 雿輻 numeric.js 瘙圾蝔?蝺抒頂蝯?..
??numeric.js 瘙圾??
??Newton甇交?閫????(瘙圾?? numeric)
?妙 ?瑁? Newton 甇交?閫?..
?? 雿輻?寥脩?蝔????閫?...
?妙 雿輻 numeric 瘙圾??瘙圾 9x9 蝺抒頂蝯?..
?? 雿輻 numeric.js 瘙圾蝔?蝺抒頂蝯?..
??numeric.js 瘙圾??
??Newton甇交?閫????(瘙圾?? numeric)
?妙 ?瑁? Newton 甇交?閫?..
?? 雿輻?寥脩?蝔????閫?...
?妙 雿輻 numeric 瘙圾??瘙圾 9x9 蝺抒頂蝯?..
?? 雿輻 numeric.js 瘙圾蝔?蝺抒頂蝯?..
??numeric.js 瘙圾??
??Newton甇交?閫????(瘙圾?? numeric)
?妙 ?瑁? Newton 甇交?閫?..
?? 雿輻?寥脩?蝔????閫?...
?妙 雿輻 numeric 瘙圾??瘙圾 9x9 蝺抒頂蝯?..
?? 雿輻 numeric.js 瘙圾蝔?蝺抒頂蝯?..
??numeric.js 瘙圾??
??Newton甇交?閫????(瘙圾?? numeric)
?妙 ?瑁? Newton 甇交?閫?..
?? 雿輻?寥脩?蝔????閫?...
?妙 雿輻 numeric 瘙圾??瘙圾 9x9 蝺抒頂蝯?..
?? 雿輻 numeric.js 瘙圾蝔?蝺抒頂蝯?..
??numeric.js 瘙圾??
??Newton甇交?閫????(瘙圾?? numeric)
?妙 ?瑁? Newton 甇交?閫?..
?? 雿輻?寥脩?蝔????閫?...
?妙 雿輻 numeric 瘙圾??瘙圾 9x9 蝺抒頂蝯?..
?? 雿輻 numeric.js 瘙圾蝔?蝺抒頂蝯?..
??numeric.js 瘙圾??
??Newton甇交?閫????(瘙圾?? numeric)
?妙 ?瑁? Newton 甇交?閫?..
?? 雿輻?寥脩?蝔????閫?...
?妙 雿輻 numeric 瘙圾??瘙圾 9x9 蝺抒頂蝯?..
?? 雿輻 numeric.js 瘙圾蝔?蝺抒頂蝯?..
??numeric.js 瘙圾??
??Newton甇交?閫????(瘙圾?? numeric)
?妙 ?瑁? Newton 甇交?閫?..
?? 雿輻?寥脩?蝔????閫?...
?妙 雿輻 numeric 瘙圾??瘙圾 9x9 蝺抒頂蝯?..
?? 雿輻 numeric.js 瘙圾蝔?蝺抒頂蝯?..
??numeric.js 瘙圾??
??Newton甇交?閫????(瘙圾?? numeric)
?妙 ?瑁? Newton 甇交?閫?..
?? 雿輻?寥脩?蝔????閫?...
?妙 雿輻 numeric 瘙圾??瘙圾 9x9 蝺抒頂蝯?..
?? 雿輻 numeric.js 瘙圾蝔?蝺抒頂蝯?..
??numeric.js 瘙圾??
??Newton甇交?閫????(瘙圾?? numeric)
?妙 ?瑁? Newton 甇交?閫?..
?? 雿輻?寥脩?蝔????閫?...
?妙 雿輻 numeric 瘙圾??瘙圾 9x9 蝺抒頂蝯?..
?? 雿輻 numeric.js 瘙圾蝔?蝺抒頂蝯?..
??numeric.js 瘙圾??
??Newton甇交?閫????(瘙圾?? numeric)
?妙 雿輻 numeric 瘙圾??瘙圾 8x8 蝺抒頂蝯?..
?? 雿輻 numeric.js 瘙圾蝔?蝺抒頂蝯?..
??numeric.js 瘙圾??
?妙 雿輻 numeric 瘙圾??瘙圾 8x8 蝺抒頂蝯?..
?? 雿輻 numeric.js 瘙圾蝔?蝺抒頂蝯?..
??numeric.js 瘙圾??
?妙 雿輻 numeric 瘙圾??瘙圾 8x8 蝺抒頂蝯?..
?? 雿輻 numeric.js 瘙圾蝔?蝺抒頂蝯?..
??numeric.js 瘙圾??
?妙 雿輻 numeric 瘙圾??瘙圾 8x8 蝺抒頂蝯?..
?? 雿輻 numeric.js 瘙圾蝔?蝺抒頂蝯?..
??numeric.js 瘙圾??
?妙 雿輻 numeric 瘙圾??瘙圾 8x8 蝺抒頂蝯?..
?? 雿輻 numeric.js 瘙圾蝔?蝺抒頂蝯?..
??numeric.js 瘙圾??
?妙 雿輻 numeric 瘙圾??瘙圾 8x8 蝺抒頂蝯?..
?? 雿輻 numeric.js 瘙圾蝔?蝺抒頂蝯?..
??numeric.js 瘙圾??
?妙 雿輻 numeric 瘙圾??瘙圾 8x8 蝺抒頂蝯?..
?? 雿輻 numeric.js 瘙圾蝔?蝺抒頂蝯?..
??numeric.js 瘙圾??
?妙 雿輻 numeric 瘙圾??瘙圾 8x8 蝺抒頂蝯?..
?? 雿輻 numeric.js 瘙圾蝔?蝺抒頂蝯?..
??numeric.js 瘙圾??
?妙 雿輻 numeric 瘙圾??瘙圾 8x8 蝺抒頂蝯?..
?? 雿輻 numeric.js 瘙圾蝔?蝺抒頂蝯?..
??numeric.js 瘙圾??
?妙 雿輻 numeric 瘙圾??瘙圾 8x8 蝺抒頂蝯?..
?? 雿輻 numeric.js 瘙圾蝔?蝺抒頂蝯?..
??numeric.js 瘙圾??
?妙 雿輻 numeric 瘙圾??瘙圾 8x8 蝺抒頂蝯?..
?? 雿輻 numeric.js 瘙圾蝔?蝺抒頂蝯?..
??numeric.js 瘙圾??
?妙 雿輻 numeric 瘙圾??瘙圾 8x8 蝺抒頂蝯?..
?? 雿輻 numeric.js 瘙圾蝔?蝺抒頂蝯?..
??numeric.js 瘙圾??
?妙 雿輻 numeric 瘙圾??瘙圾 8x8 蝺抒頂蝯?..
?? 雿輻 numeric.js 瘙圾蝔?蝺抒頂蝯?..
??numeric.js 瘙圾??
?妙 雿輻 numeric 瘙圾??瘙圾 8x8 蝺抒頂蝯?..
?? 雿輻 numeric.js 瘙圾蝔?蝺抒頂蝯?..
??numeric.js 瘙圾??
?妙 雿輻 numeric 瘙圾??瘙圾 8x8 蝺抒頂蝯?..
?? 雿輻 numeric.js 瘙圾蝔?蝺抒頂蝯?..
??numeric.js 瘙圾??
?妙 雿輻 numeric 瘙圾??瘙圾 8x8 蝺抒頂蝯?..
?? 雿輻 numeric.js 瘙圾蝔?蝺抒頂蝯?..
??numeric.js 瘙圾??
?妙 雿輻 numeric 瘙圾??瘙圾 8x8 蝺抒頂蝯?..
?? 雿輻 numeric.js 瘙圾蝔?蝺抒頂蝯?..
??numeric.js 瘙圾??
?妙 雿輻 numeric 瘙圾??瘙圾 8x8 蝺抒頂蝯?..
?? 雿輻 numeric.js 瘙圾蝔?蝺抒頂蝯?..
??numeric.js 瘙圾??
?妙 雿輻 numeric 瘙圾??瘙圾 8x8 蝺抒頂蝯?..
?? 雿輻 numeric.js 瘙圾蝔?蝺抒頂蝯?..
??numeric.js 瘙圾??
?妙 雿輻 numeric 瘙圾??瘙圾 8x8 蝺抒頂蝯?..
?? 雿輻 numeric.js 瘙圾蝔?蝺抒頂蝯?..
??numeric.js 瘙圾??
?妙 雿輻 numeric 瘙圾??瘙圾 8x8 蝺抒頂蝯?..
?? 雿輻 numeric.js 瘙圾蝔?蝺抒頂蝯?..
??numeric.js 瘙圾??
?妙 雿輻 numeric 瘙圾??瘙圾 8x8 蝺抒頂蝯?..
?? 雿輻 numeric.js 瘙圾蝔?蝺抒頂蝯?..
??numeric.js 瘙圾??
?妙 雿輻 numeric 瘙圾??瘙圾 8x8 蝺抒頂蝯?..
?? 雿輻 numeric.js 瘙圾蝔?蝺抒頂蝯?..
??numeric.js 瘙圾??
?妙 雿輻 numeric 瘙圾??瘙圾 8x8 蝺抒頂蝯?..
?? 雿輻 numeric.js 瘙圾蝔?蝺抒頂蝯?..
??numeric.js 瘙圾??
?妙 雿輻 numeric 瘙圾??瘙圾 8x8 蝺抒頂蝯?..
?? 雿輻 numeric.js 瘙圾蝔?蝺抒頂蝯?..
??numeric.js 瘙圾??
?妙 雿輻 numeric 瘙圾??瘙圾 8x8 蝺抒頂蝯?..
?? 雿輻 numeric.js 瘙圾蝔?蝺抒頂蝯?..
??numeric.js 瘙圾??
?妙 雿輻 numeric 瘙圾??瘙圾 8x8 蝺抒頂蝯?..
?? 雿輻 numeric.js 瘙圾蝔?蝺抒頂蝯?..
??numeric.js 瘙圾??
?妙 雿輻 numeric 瘙圾??瘙圾 8x8 蝺抒頂蝯?..
?? 雿輻 numeric.js 瘙圾蝔?蝺抒頂蝯?..
??numeric.js 瘙圾??
?妙 雿輻 numeric 瘙圾??瘙圾 8x8 蝺抒頂蝯?..
?? 雿輻 numeric.js 瘙圾蝔?蝺抒頂蝯?..
??numeric.js 瘙圾??
?妙 雿輻 numeric 瘙圾??瘙圾 8x8 蝺抒頂蝯?..
?? 雿輻 numeric.js 瘙圾蝔?蝺抒頂蝯?..
??numeric.js 瘙圾??
?妙 雿輻 numeric 瘙圾??瘙圾 8x8 蝺抒頂蝯?..
?? 雿輻 numeric.js 瘙圾蝔?蝺抒頂蝯?..
??numeric.js 瘙圾??
?妙 雿輻 numeric 瘙圾??瘙圾 8x8 蝺抒頂蝯?..
?? 雿輻 numeric.js 瘙圾蝔?蝺抒頂蝯?..
??numeric.js 瘙圾??
?妙 雿輻 numeric 瘙圾??瘙圾 8x8 蝺抒頂蝯?..
?? 雿輻 numeric.js 瘙圾蝔?蝺抒頂蝯?..
??numeric.js 瘙圾??
?妙 雿輻 numeric 瘙圾??瘙圾 8x8 蝺抒頂蝯?..
?? 雿輻 numeric.js 瘙圾蝔?蝺抒頂蝯?..
??numeric.js 瘙圾??
?妙 雿輻 numeric 瘙圾??瘙圾 8x8 蝺抒頂蝯?..
?? 雿輻 numeric.js 瘙圾蝔?蝺抒頂蝯?..
??numeric.js 瘙圾??
?妙 雿輻 numeric 瘙圾??瘙圾 8x8 蝺抒頂蝯?..
?? 雿輻 numeric.js 瘙圾蝔?蝺抒頂蝯?..
??numeric.js 瘙圾??
?妙 雿輻 numeric 瘙圾??瘙圾 8x8 蝺抒頂蝯?..
?? 雿輻 numeric.js 瘙圾蝔?蝺抒頂蝯?..
??numeric.js 瘙圾??
?妙 雿輻 numeric 瘙圾??瘙圾 8x8 蝺抒頂蝯?..
?? 雿輻 numeric.js 瘙圾蝔?蝺抒頂蝯?..
??numeric.js 瘙圾??
?妙 雿輻 numeric 瘙圾??瘙圾 8x8 蝺抒頂蝯?..
?? 雿輻 numeric.js 瘙圾蝔?蝺抒頂蝯?..
??numeric.js 瘙圾??
?妙 雿輻 numeric 瘙圾??瘙圾 8x8 蝺抒頂蝯?..
?? 雿輻 numeric.js 瘙圾蝔?蝺抒頂蝯?..
??numeric.js 瘙圾??
?妙 雿輻 numeric 瘙圾??瘙圾 8x8 蝺抒頂蝯?..
?? 雿輻 numeric.js 瘙圾蝔?蝺抒頂蝯?..
??numeric.js 瘙圾??
?妙 雿輻 numeric 瘙圾??瘙圾 8x8 蝺抒頂蝯?..
?? 雿輻 numeric.js 瘙圾蝔?蝺抒頂蝯?..
??numeric.js 瘙圾??
?妙 雿輻 numeric 瘙圾??瘙圾 8x8 蝺抒頂蝯?..
?? 雿輻 numeric.js 瘙圾蝔?蝺抒頂蝯?..
??numeric.js 瘙圾??
?妙 雿輻 numeric 瘙圾??瘙圾 8x8 蝺抒頂蝯?..
?? 雿輻 numeric.js 瘙圾蝔?蝺抒頂蝯?..
??numeric.js 瘙圾??
?妙 雿輻 numeric 瘙圾??瘙圾 8x8 蝺抒頂蝯?..
?? 雿輻 numeric.js 瘙圾蝔?蝺抒頂蝯?..
??numeric.js 瘙圾??
?妙 雿輻 numeric 瘙圾??瘙圾 8x8 蝺抒頂蝯?..
?? 雿輻 numeric.js 瘙圾蝔?蝺抒頂蝯?..
??numeric.js 瘙圾??
?妙 雿輻 numeric 瘙圾??瘙圾 8x8 蝺抒頂蝯?..
?? 雿輻 numeric.js 瘙圾蝔?蝺抒頂蝯?..
??numeric.js 瘙圾??
?妙 雿輻 numeric 瘙圾??瘙圾 8x8 蝺抒頂蝯?..
?? 雿輻 numeric.js 瘙圾蝔?蝺抒頂蝯?..
??numeric.js 瘙圾??
?妙 雿輻 numeric 瘙圾??瘙圾 8x8 蝺抒頂蝯?..
?? 雿輻 numeric.js 瘙圾蝔?蝺抒頂蝯?..
??numeric.js 瘙圾??
?妙 雿輻 numeric 瘙圾??瘙圾 8x8 蝺抒頂蝯?..
?? 雿輻 numeric.js 瘙圾蝔?蝺抒頂蝯?..
??numeric.js 瘙圾??
?妙 雿輻 numeric 瘙圾??瘙圾 8x8 蝺抒頂蝯?..
?? 雿輻 numeric.js 瘙圾蝔?蝺抒頂蝯?..
??numeric.js 瘙圾??
?妙 雿輻 numeric 瘙圾??瘙圾 8x8 蝺抒頂蝯?..
?? 雿輻 numeric.js 瘙圾蝔?蝺抒頂蝯?..
??numeric.js 瘙圾??
?妙 雿輻 numeric 瘙圾??瘙圾 8x8 蝺抒頂蝯?..
?? 雿輻 numeric.js 瘙圾蝔?蝺抒頂蝯?..
??numeric.js 瘙圾??
?妙 雿輻 numeric 瘙圾??瘙圾 8x8 蝺抒頂蝯?..
?? 雿輻 numeric.js 瘙圾蝔?蝺抒頂蝯?..
??numeric.js 瘙圾??
?妙 雿輻 numeric 瘙圾??瘙圾 8x8 蝺抒頂蝯?..
?? 雿輻 numeric.js 瘙圾蝔?蝺抒頂蝯?..
??numeric.js 瘙圾??
?妙 雿輻 numeric 瘙圾??瘙圾 8x8 蝺抒頂蝯?..
?? 雿輻 numeric.js 瘙圾蝔?蝺抒頂蝯?..
??numeric.js 瘙圾??
?妙 雿輻 numeric 瘙圾??瘙圾 8x8 蝺抒頂蝯?..
?? 雿輻 numeric.js 瘙圾蝔?蝺抒頂蝯?..
??numeric.js 瘙圾??
?妙 雿輻 numeric 瘙圾??瘙圾 8x8 蝺抒頂蝯?..
?? 雿輻 numeric.js 瘙圾蝔?蝺抒頂蝯?..
??numeric.js 瘙圾??
?妙 雿輻 numeric 瘙圾??瘙圾 8x8 蝺抒頂蝯?..
?? 雿輻 numeric.js 瘙圾蝔?蝺抒頂蝯?..
??numeric.js 瘙圾??
?妙 雿輻 numeric 瘙圾??瘙圾 8x8 蝺抒頂蝯?..
?? 雿輻 numeric.js 瘙圾蝔?蝺抒頂蝯?..
??numeric.js 瘙圾??
?妙 雿輻 numeric 瘙圾??瘙圾 8x8 蝺抒頂蝯?..
?? 雿輻 numeric.js 瘙圾蝔?蝺抒頂蝯?..
??numeric.js 瘙圾??
?妙 雿輻 numeric 瘙圾??瘙圾 8x8 蝺抒頂蝯?..
?? 雿輻 numeric.js 瘙圾蝔?蝺抒頂蝯?..
??numeric.js 瘙圾??
?妙 雿輻 numeric 瘙圾??瘙圾 8x8 蝺抒頂蝯?..
?? 雿輻 numeric.js 瘙圾蝔?蝺抒頂蝯?..
??numeric.js 瘙圾??
?妙 雿輻 numeric 瘙圾??瘙圾 8x8 蝺抒頂蝯?..
?? 雿輻 numeric.js 瘙圾蝔?蝺抒頂蝯?..
??numeric.js 瘙圾??
?妙 雿輻 numeric 瘙圾??瘙圾 8x8 蝺抒頂蝯?..
?? 雿輻 numeric.js 瘙圾蝔?蝺抒頂蝯?..
??numeric.js 瘙圾??
?妙 雿輻 numeric 瘙圾??瘙圾 8x8 蝺抒頂蝯?..
?? 雿輻 numeric.js 瘙圾蝔?蝺抒頂蝯?..
??numeric.js 瘙圾??
?妙 雿輻 numeric 瘙圾??瘙圾 8x8 蝺抒頂蝯?..
?? 雿輻 numeric.js 瘙圾蝔?蝺抒頂蝯?..
??numeric.js 瘙圾??
?妙 雿輻 numeric 瘙圾??瘙圾 8x8 蝺抒頂蝯?..
?? 雿輻 numeric.js 瘙圾蝔?蝺抒頂蝯?..
??numeric.js 瘙圾??
?妙 雿輻 numeric 瘙圾??瘙圾 8x8 蝺抒頂蝯?..
?? 雿輻 numeric.js 瘙圾蝔?蝺抒頂蝯?..
??numeric.js 瘙圾??
?妙 雿輻 numeric 瘙圾??瘙圾 8x8 蝺抒頂蝯?..
?? 雿輻 numeric.js 瘙圾蝔?蝺抒頂蝯?..
??numeric.js 瘙圾??
?妙 雿輻 numeric 瘙圾??瘙圾 8x8 蝺抒頂蝯?..
?? 雿輻 numeric.js 瘙圾蝔?蝺抒頂蝯?..
??numeric.js 瘙圾??
?妙 雿輻 numeric 瘙圾??瘙圾 8x8 蝺抒頂蝯?..
?? 雿輻 numeric.js 瘙圾蝔?蝺抒頂蝯?..
??numeric.js 瘙圾??
?妙 雿輻 numeric 瘙圾??瘙圾 8x8 蝺抒頂蝯?..
?? 雿輻 numeric.js 瘙圾蝔?蝺抒頂蝯?..
??numeric.js 瘙圾??
?妙 雿輻 numeric 瘙圾??瘙圾 8x8 蝺抒頂蝯?..
?? 雿輻 numeric.js 瘙圾蝔?蝺抒頂蝯?..
??numeric.js 瘙圾??
?妙 雿輻 numeric 瘙圾??瘙圾 8x8 蝺抒頂蝯?..
?? 雿輻 numeric.js 瘙圾蝔?蝺抒頂蝯?..
??numeric.js 瘙圾??
?妙 雿輻 numeric 瘙圾??瘙圾 8x8 蝺抒頂蝯?..
?? 雿輻 numeric.js 瘙圾蝔?蝺抒頂蝯?..
??numeric.js 瘙圾??
?妙 雿輻 numeric 瘙圾??瘙圾 8x8 蝺抒頂蝯?..
?? 雿輻 numeric.js 瘙圾蝔?蝺抒頂蝯?..
??numeric.js 瘙圾??
?妙 雿輻 numeric 瘙圾??瘙圾 8x8 蝺抒頂蝯?..
?? 雿輻 numeric.js 瘙圾蝔?蝺抒頂蝯?..
??numeric.js 瘙圾??
?妙 雿輻 numeric 瘙圾??瘙圾 8x8 蝺抒頂蝯?..
?? 雿輻 numeric.js 瘙圾蝔?蝺抒頂蝯?..
??numeric.js 瘙圾??
?妙 雿輻 numeric 瘙圾??瘙圾 8x8 蝺抒頂蝯?..
?? 雿輻 numeric.js 瘙圾蝔?蝺抒頂蝯?..
??numeric.js 瘙圾??
?妙 雿輻 numeric 瘙圾??瘙圾 8x8 蝺抒頂蝯?..
?? 雿輻 numeric.js 瘙圾蝔?蝺抒頂蝯?..
??numeric.js 瘙圾??
?妙 雿輻 numeric 瘙圾??瘙圾 8x8 蝺抒頂蝯?..
?? 雿輻 numeric.js 瘙圾蝔?蝺抒頂蝯?..
??numeric.js 瘙圾??
?妙 雿輻 numeric 瘙圾??瘙圾 8x8 蝺抒頂蝯?..
?? 雿輻 numeric.js 瘙圾蝔?蝺抒頂蝯?..
??numeric.js 瘙圾??
?妙 雿輻 numeric 瘙圾??瘙圾 8x8 蝺抒頂蝯?..
?? 雿輻 numeric.js 瘙圾蝔?蝺抒頂蝯?..
??numeric.js 瘙圾??
?妙 雿輻 numeric 瘙圾??瘙圾 8x8 蝺抒頂蝯?..
?? 雿輻 numeric.js 瘙圾蝔?蝺抒頂蝯?..
??numeric.js 瘙圾??
?妙 雿輻 numeric 瘙圾??瘙圾 8x8 蝺抒頂蝯?..
?? 雿輻 numeric.js 瘙圾蝔?蝺抒頂蝯?..
??numeric.js 瘙圾??
?妙 雿輻 numeric 瘙圾??瘙圾 8x8 蝺抒頂蝯?..
?? 雿輻 numeric.js 瘙圾蝔?蝺抒頂蝯?..
??numeric.js 瘙圾??
?妙 雿輻 numeric 瘙圾??瘙圾 8x8 蝺抒頂蝯?..
?? 雿輻 numeric.js 瘙圾蝔?蝺抒頂蝯?..
??numeric.js 瘙圾??
?妙 雿輻 numeric 瘙圾??瘙圾 8x8 蝺抒頂蝯?..
?? 雿輻 numeric.js 瘙圾蝔?蝺抒頂蝯?..
??numeric.js 瘙圾??
?妙 雿輻 numeric 瘙圾??瘙圾 8x8 蝺抒頂蝯?..
?? 雿輻 numeric.js 瘙圾蝔?蝺抒頂蝯?..
??numeric.js 瘙圾??

??璅⊥摰?嚗? 85ms

?? Result 蝯?: [
  'success',
  'finalTime',
  'totalSteps',
  'convergenceRate',
  'averageStepTime',
  'peakMemoryUsage',
  'waveformData',
  'performanceMetrics'
]
   - success: true
   - waveformData 摮: true
   - results 摮: false
   - waveformData keys: [ 'timePoints', 'nodeVoltages', 'deviceCurrents', 'deviceStates' ]
??  ?⊥????
============================================================
?妒 皜祈岫: MOSFET ON (Vgs=5V)
============================================================
? ?餉楝: VDD ??RD ??MOSFET(D-S) ??L ??RS ??GND
   VDD=12V, Vgs=5V, R=10峏, L=100繕H

?? ?? DC 撌乩?暺???..
?? ???折頝荔??芸??岫皞郊??..
?? 皞郊?莎??曉 2 ?蝮格??
?妙 雿輻 numeric 瘙圾??瘙圾 8x8 蝺抒頂蝯?..
?? 雿輻 numeric.js 瘙圾蝔?蝺抒頂蝯?..
??numeric.js 瘙圾??
  [DC Iter 0] residual=0.00e+0 (tol=1.00e-4), delta=0.00e+0 (tol=1.00e-3), converged=true
?妙 雿輻 numeric 瘙圾??瘙圾 8x8 蝺抒頂蝯?..
?? 雿輻 numeric.js 瘙圾蝔?蝺抒頂蝯?..
??numeric.js 瘙圾??
  [DC Iter 0] residual=3.25e+0 (tol=1.00e-4), delta=4.42e+0 (tol=1.00e-3), converged=false
?妙 雿輻 numeric 瘙圾??瘙圾 8x8 蝺抒頂蝯?..
?? 雿輻 numeric.js 瘙圾蝔?蝺抒頂蝯?..
??numeric.js 瘙圾??
  [DC Iter 1] residual=4.55e-4 (tol=1.00e-4), delta=2.82e-3 (tol=1.00e-3), converged=false
?妙 雿輻 numeric 瘙圾??瘙圾 8x8 蝺抒頂蝯?..
?? 雿輻 numeric.js 瘙圾蝔?蝺抒頂蝯?..
??numeric.js 瘙圾??
  [DC Iter 2] residual=2.28e-6 (tol=1.00e-4), delta=1.41e-5 (tol=1.00e-3), converged=true
?妙 雿輻 numeric 瘙圾??瘙圾 8x8 蝺抒頂蝯?..
?? 雿輻 numeric.js 瘙圾蝔?蝺抒頂蝯?..
??numeric.js 瘙圾??
  [DC Iter 0] residual=3.25e+0 (tol=1.00e-4), delta=4.41e+0 (tol=1.00e-3), converged=false
?妙 雿輻 numeric 瘙圾??瘙圾 8x8 蝺抒頂蝯?..
?? 雿輻 numeric.js 瘙圾蝔?蝺抒頂蝯?..
??numeric.js 瘙圾??
  [DC Iter 1] residual=1.17e-2 (tol=1.00e-4), delta=7.26e-2 (tol=1.00e-3), converged=false
?妙 雿輻 numeric 瘙圾??瘙圾 8x8 蝺抒頂蝯?..
?? 雿輻 numeric.js 瘙圾蝔?蝺抒頂蝯?..
??numeric.js 瘙圾??
  [DC Iter 2] residual=3.51e-4 (tol=1.00e-4), delta=2.17e-3 (tol=1.00e-3), converged=false
?妙 雿輻 numeric 瘙圾??瘙圾 8x8 蝺抒頂蝯?..
?? 雿輻 numeric.js 瘙圾蝔?蝺抒頂蝯?..
??numeric.js 瘙圾??
?妙 雿輻 numeric 瘙圾??瘙圾 8x8 蝺抒頂蝯?..
?? 雿輻 numeric.js 瘙圾蝔?蝺抒頂蝯?..
??numeric.js 瘙圾??
  [DC Iter 0] residual=3.25e+0 (tol=1.00e-4), delta=4.36e+0 (tol=1.00e-3), converged=false
?妙 雿輻 numeric 瘙圾??瘙圾 8x8 蝺抒頂蝯?..
?? 雿輻 numeric.js 瘙圾蝔?蝺抒頂蝯?..
??numeric.js 瘙圾??
  [DC Iter 1] residual=1.22e-2 (tol=1.00e-4), delta=7.52e-2 (tol=1.00e-3), converged=false
?妙 雿輻 numeric 瘙圾??瘙圾 8x8 蝺抒頂蝯?..
?? 雿輻 numeric.js 瘙圾蝔?蝺抒頂蝯?..
??numeric.js 瘙圾??
  [DC Iter 2] residual=6.54e-4 (tol=1.00e-4), delta=4.05e-3 (tol=1.00e-3), converged=false
?妙 雿輻 numeric 瘙圾??瘙圾 8x8 蝺抒頂蝯?..
?? 雿輻 numeric.js 瘙圾蝔?蝺抒頂蝯?..
??numeric.js 瘙圾??
?妙 雿輻 numeric 瘙圾??瘙圾 8x8 蝺抒頂蝯?..
?? 雿輻 numeric.js 瘙圾蝔?蝺抒頂蝯?..
??numeric.js 瘙圾??
  [DC Iter 0] residual=3.25e+0 (tol=1.00e-4), delta=4.31e+0 (tol=1.00e-3), converged=false
?妙 雿輻 numeric 瘙圾??瘙圾 8x8 蝺抒頂蝯?..
?? 雿輻 numeric.js 瘙圾蝔?蝺抒頂蝯?..
??numeric.js 瘙圾??
  [DC Iter 1] residual=1.31e-2 (tol=1.00e-4), delta=8.06e-2 (tol=1.00e-3), converged=false
?妙 雿輻 numeric 瘙圾??瘙圾 8x8 蝺抒頂蝯?..
?? 雿輻 numeric.js 瘙圾蝔?蝺抒頂蝯?..
??numeric.js 瘙圾??
  [DC Iter 2] residual=9.85e-4 (tol=1.00e-4), delta=6.08e-3 (tol=1.00e-3), converged=false
?妙 雿輻 numeric 瘙圾??瘙圾 8x8 蝺抒頂蝯?..
?? 雿輻 numeric.js 瘙圾蝔?蝺抒頂蝯?..
??numeric.js 瘙圾??
   >>> PHYSICAL_CHECK: solution_size=9, nodes=6
   >>> PHYSICAL_CHECK: voltage_sources_found=2
   >>> PHYSICAL_CHECK: zero_count=1/6, max_V=12.000000V
   >>> PHYSICAL_CHECK_RESULT: PASS (non_zero=5, max_V=12.000V)
?? Generalized-帢 integrator restarted with consistent DC operating point.

??璅⊥摰?嚗? 7ms

?? Result 蝯?: [
  'success',
  'finalTime',
  'totalSteps',
  'convergenceRate',
  'averageStepTime',
  'peakMemoryUsage',
  'waveformData',
  'performanceMetrics'
]
   - success: true
   - waveformData 摮: true
   - results 摮: false
   - waveformData keys: [ 'timePoints', 'nodeVoltages', 'deviceCurrents', 'deviceStates' ]
??  ?⊥????
============================================================
?? 皜祈岫蝮賜?
============================================================
   MOSFET OFF: ??憭望?
   MOSFET ON:  ??憭望?

   蝮賡?蝯?: ???葫閰血仃??============================================================
